Resolving dependencies...
Downloading packages...
  fl_chart 0.69.2 (1.2.0 available)
  flutter_lints 4.0.0 (6.0.0 available)
  google_fonts 6.3.3 (8.0.2 available)
  intl 0.19.0 (0.20.2 available)
  lints 4.0.0 (6.1.0 available)
  meta 1.17.0 (1.18.2 available)
  test_api 0.7.10 (0.7.11 available)
  vector_math 2.2.0 (2.3.0 available)
Got dependencies!
8 packages have newer versions incompatible with dependency constraints.
Try `flutter pub outdated` for more information.
Running Gradle task 'assembleRelease'...                        
flutter : lib/screens/expense
s_screen.dart:16:20: Error: 
Can't find ')' to match '('.
At line:1 char:1
+ flutter build apk > 
build_output.txt 2>&1
+ ~~~~~~~~~~~~~~~~~~~~~~~~~~~
~~~~~~~~~~~~~~
    + CategoryInfo           
   : NotSpecified: (lib/scr  
  eens/exp...' to match '(   
 '.:String) [], RemoteExc    
eption
    + FullyQualifiedErrorId  
   : NativeCommandError
 
    return SafeArea(
                   ^
lib/screens/dashboard_screen.
dart:237:25: Error: The 
getter 'context' isn't 
defined for the type 
'DashboardScreen'.
 - 'DashboardScreen' is from 
'package:tracker/screens/dash
board_screen.dart' ('lib/scre
ens/dashboard_screen.dart').
Try correcting the name to 
the name of an existing 
getter, or defining a getter 
or field named 'context'.
        color: 
Theme.of(context).cardColor,
                        
^^^^^^^
lib/screens/dashboard_screen.
dart:247:41: Error: The 
getter 'context' isn't 
defined for the type 
'DashboardScreen'.
 - 'DashboardScreen' is from 
'package:tracker/screens/dash
board_screen.dart' ('lib/scre
ens/dashboard_screen.dart').
Try correcting the name to 
the name of an existing 
getter, or defining a getter 
or field named 'context'.
      child: Icon(icon, 
color: Theme.of(context).colo
rScheme.onSurface, size: 20),
                             
           ^^^^^^^
lib/screens/analytics_screen.
dart:147:59: Error: Not a 
constant expression.
                             
             color: Theme.of(
context).colorScheme.onSurfac
eVariant,
                             
                             
^^^^^^^
lib/screens/analytics_screen.
dart:147:56: Error: Method 
invocation is not a constant 
expression.
                             
             color: Theme.of(
context).colorScheme.onSurfac
eVariant,
                             
                          ^^
lib/screens/analytics_screen.
dart:147:68: Error: Not a 
constant expression.
                             
             color: Theme.of(
context).colorScheme.onSurfac
eVariant,
                             
                             
         ^^^^^^^^^^^
lib/screens/analytics_screen.
dart:238:41: Error: Not a 
constant expression.
                        
color: Theme.of(context).colo
rScheme.onSurface,
                             
           ^^^^^^^
lib/screens/analytics_screen.
dart:238:38: Error: Method 
invocation is not a constant 
expression.
                        
color: Theme.of(context).colo
rScheme.onSurface,
                             
        ^^
lib/screens/analytics_screen.
dart:238:50: Error: Not a 
constant expression.
                        
color: Theme.of(context).colo
rScheme.onSurface,
                             
                    
^^^^^^^^^^^
lib/screens/analytics_screen.
dart:298:53: Error: The 
getter 'context' isn't 
defined for the type 
'AnalyticsScreen'.
 - 'AnalyticsScreen' is from 
'package:tracker/screens/anal
ytics_screen.dart' ('lib/scre
ens/analytics_screen.dart').
Try correcting the name to 
the name of an existing 
getter, or defining a getter 
or field named 'context'.
        
rows.add(Divider(height: 1, 
color: Theme.of(context).divi
derColor, indent: 20, 
endIndent: 20));
                             
                       
^^^^^^^
lib/screens/analytics_screen.
dart:322:29: Error: The 
getter 'context' isn't 
defined for the type 
'AnalyticsScreen'.
 - 'AnalyticsScreen' is from 
'package:tracker/screens/anal
ytics_screen.dart' ('lib/scre
ens/analytics_screen.dart').
Try correcting the name to 
the name of an existing 
getter, or defining a getter 
or field named 'context'.
            color: Theme.of(c
ontext).colorScheme.onSurface
Variant,
                            
^^^^^^^
lib/screens/analytics_screen.
dart:337:27: Error: The 
getter 'context' isn't 
defined for the type 
'AnalyticsScreen'.
 - 'AnalyticsScreen' is from 
'package:tracker/screens/anal
ytics_screen.dart' ('lib/scre
ens/analytics_screen.dart').
Try correcting the name to 
the name of an existing 
getter, or defining a getter 
or field named 'context'.
          color: Theme.of(con
text).colorScheme.secondary,
                          
^^^^^^^
lib/screens/analytics_screen.
dart:356:25: Error: The 
getter 'context' isn't 
defined for the type 
'AnalyticsScreen'.
 - 'AnalyticsScreen' is from 
'package:tracker/screens/anal
ytics_screen.dart' ('lib/scre
ens/analytics_screen.dart').
Try correcting the name to 
the name of an existing 
getter, or defining a getter 
or field named 'context'.
        color: 
Theme.of(context).cardColor,
                        
^^^^^^^
lib/screens/analytics_screen.
dart:384:37: Error: The 
getter 'context' isn't 
defined for the type 
'AnalyticsScreen'.
 - 'AnalyticsScreen' is from 
'package:tracker/screens/anal
ytics_screen.dart' ('lib/scre
ens/analytics_screen.dart').
Try correcting the name to 
the name of an existing 
getter, or defining a getter 
or field named 'context'.
                    color: Th
eme.of(context).colorScheme.o
nSurface,
                             
       ^^^^^^^
lib/screens/analytics_screen.
dart:392:37: Error: The 
getter 'context' isn't 
defined for the type 
'AnalyticsScreen'.
 - 'AnalyticsScreen' is from 
'package:tracker/screens/anal
ytics_screen.dart' ('lib/scre
ens/analytics_screen.dart').
Try correcting the name to 
the name of an existing 
getter, or defining a getter 
or field named 'context'.
                    color: Th
eme.of(context).colorScheme.o
nSurfaceVariant,
                             
       ^^^^^^^
lib/screens/analytics_screen.
dart:418:35: Error: The 
getter 'context' isn't 
defined for the type 
'AnalyticsScreen'.
 - 'AnalyticsScreen' is from 
'package:tracker/screens/anal
ytics_screen.dart' ('lib/scre
ens/analytics_screen.dart').
Try correcting the name to 
the name of an existing 
getter, or defining a getter 
or field named 'context'.
                  color: Them
e.of(context).disabledColor,
                             
     ^^^^^^^
lib/screens/analytics_screen.
dart:427:35: Error: The 
getter 'context' isn't 
defined for the type 
'AnalyticsScreen'.
 - 'AnalyticsScreen' is from 
'package:tracker/screens/anal
ytics_screen.dart' ('lib/scre
ens/analytics_screen.dart').
Try correcting the name to 
the name of an existing 
getter, or defining a getter 
or field named 'context'.
                  color: Them
e.of(context).colorScheme.onS
urface,
                             
     ^^^^^^^
Target 
kernel_snapshot_program 
failed: Exception


FAILURE: Build failed with 
an exception.

* What went wrong:
Execution failed for task ':a
pp:compileFlutterBuildRelease
'.
> Process 'command 'C:\flutte
r\bin\flutter.bat'' finished 
with non-zero exit value 1

* Try:
> Run with --stacktrace 
option to get the stack 
trace.
> Run with --info or --debug 
option to get more log 
output.
> Run with --scan to get 
full insights.
> Get more help at 
https://help.gradle.org.

BUILD FAILED in 21s
Running Gradle task 'assembleRelease'...                           21.6s
Gradle task assembleRelease 
failed with exit code 1
