Resolving dependencies...
Downloading packages...
  fl_chart 0.69.2 (1.2.0 available)
  flutter_lints 4.0.0 (6.0.0 available)
  google_fonts 6.3.3 (8.0.2 available)
  intl 0.19.0 (0.20.2 available)
  lints 4.0.0 (6.1.0 available)
  meta 1.17.0 (1.18.2 available)
  test_api 0.7.10 (0.7.11 available)
  vector_math 2.2.0 (2.3.0 available)
Got dependencies!
8 packages have newer versions incompatible with dependency constraints.
Try `flutter pub outdated` for more information.
Running Gradle task 'assembleDebug'...                          
flutter : lib/screens/expense
s_screen.dart:16:20: Error: 
Can't find ')' to match '('.
At line:1 char:1
+ flutter build apk --debug 
> build_errors.txt 2>&1
+ ~~~~~~~~~~~~~~~~~~~~~~~~~~~
~~~~~~~~~~~~~~~~~~~~~~
    + CategoryInfo           
   : NotSpecified: (lib/scr  
  eens/exp...' to match '(   
 '.:String) [], RemoteExc    
eption
    + FullyQualifiedErrorId  
   : NativeCommandError
 
    return SafeArea(
                   ^
lib/screens/analytics_screen.
dart:147:59: Error: Not a 
constant expression.
                             
             color: Theme.of(
context).colorScheme.onSurfac
eVariant,
                             
                             
^^^^^^^
lib/screens/analytics_screen.
dart:147:56: Error: Method 
invocation is not a constant 
expression.
                             
             color: Theme.of(
context).colorScheme.onSurfac
eVariant,
                             
                          ^^
lib/screens/analytics_screen.
dart:147:68: Error: Not a 
constant expression.
                             
             color: Theme.of(
context).colorScheme.onSurfac
eVariant,
                             
                             
         ^^^^^^^^^^^
lib/screens/analytics_screen.
dart:240:41: Error: Not a 
constant expression.
                        
color: Theme.of(context).colo
rScheme.onSurface,
                             
           ^^^^^^^
lib/screens/analytics_screen.
dart:240:38: Error: Method 
invocation is not a constant 
expression.
                        
color: Theme.of(context).colo
rScheme.onSurface,
                             
        ^^
lib/screens/analytics_screen.
dart:240:50: Error: Not a 
constant expression.
                        
color: Theme.of(context).colo
rScheme.onSurface,
                             
                    
^^^^^^^^^^^
Target 
kernel_snapshot_program 
failed: Exception


FAILURE: Build failed with 
an exception.

* What went wrong:
Execution failed for task ':a
pp:compileFlutterBuildDebug'.
> Process 'command 'C:\flutte
r\bin\flutter.bat'' finished 
with non-zero exit value 1

* Try:
> Run with --stacktrace 
option to get the stack 
trace.
> Run with --info or --debug 
option to get more log 
output.
> Run with --scan to get 
full insights.
> Get more help at 
https://help.gradle.org.

BUILD FAILED in 17s
Running Gradle task 'assembleDebug'...                             17.9s
Gradle task assembleDebug 
failed with exit code 1
